2026-09-08 20:50:06.047 Uvicorn server started on :::8501
2026-09-08 20:50:40,546 | INFO | predictive-maintenance | Loading Task A model from D:\GIT_HUB\task-_9_10.github.io\models\xgb_failure_detection_model.pkl
C:\Users\rahmd\AppData\Local\Programs\Python\Python310\lib\pickle.py:1718: UserWarning: [20:50:43] WARNING: C:\actions-runner\_work\xgboost\xgboost\src\gbm\../common/error_msg.h:83: If you are loading a serialized model (like pickle in Python, RDS in R) or
configuration generated by an older version of XGBoost, please export the model by calling
`Booster.save_model` from that version first, then load it back in current version. See:

    https://xgboost.readthedocs.io/en/stable/tutorials/saving_model.html

for more details about differences between saving model and serializing.

  setstate(state)
2026-09-08 20:50:43,164 | INFO | predictive-maintenance | Loading Task B model from D:\GIT_HUB\task-_9_10.github.io\models\ovr_failure_mode_model.pkl
2026-09-08 20:50:43,815 | INFO | predictive-maintenance | ML models loaded successfully
2026-09-08 20:51:05,136 | INFO | predictive-maintenance | Running Task A failure detection
2026-09-08 20:51:05,140 | ERROR | predictive-maintenance | Inference failed.
Traceback (most recent call last):
  File "D:\GIT_HUB\task-_9_10.github.io\app.py", line 527, in main
    result = run_inference(
  File "D:\GIT_HUB\task-_9_10.github.io\app.py", line 292, in run_inference
    task_a_model.predict(input_df)
  File "C:\Users\rahmd\AppData\Local\Programs\Python\Python310\lib\site-packages\sklearn\pipeline.py", line 787, in predict
    Xt = transform.transform(Xt)
  File "C:\Users\rahmd\AppData\Local\Programs\Python\Python310\lib\site-packages\sklearn\utils\_set_output.py", line 319, in wrapped
    data_to_wrap = f(self, X, *args, **kwargs)
  File "C:\Users\rahmd\AppData\Local\Programs\Python\Python310\lib\site-packages\sklearn\compose\_column_transformer.py", line 1101, in transform
    Xs = self._call_func_on_transformers(
  File "C:\Users\rahmd\AppData\Local\Programs\Python\Python310\lib\site-packages\sklearn\compose\_column_transformer.py", line 910, in _call_func_on_transformers
    return Parallel(n_jobs=self.n_jobs)(jobs)
  File "C:\Users\rahmd\AppData\Local\Programs\Python\Python310\lib\site-packages\sklearn\utils\parallel.py", line 77, in __call__
    return super().__call__(iterable_with_config)
  File "C:\Users\rahmd\AppData\Local\Programs\Python\Python310\lib\site-packages\joblib\parallel.py", line 1986, in __call__
    return output if self.return_generator else list(output)
  File "C:\Users\rahmd\AppData\Local\Programs\Python\Python310\lib\site-packages\joblib\parallel.py", line 1914, in _get_sequential_output
    res = func(*args, **kwargs)
  File "C:\Users\rahmd\AppData\Local\Programs\Python\Python310\lib\site-packages\sklearn\utils\parallel.py", line 139, in __call__
    return self.function(*args, **kwargs)
  File "C:\Users\rahmd\AppData\Local\Programs\Python\Python310\lib\site-packages\sklearn\pipeline.py", line 1531, in _transform_one
    res = transformer.transform(X, **params.transform)
  File "C:\Users\rahmd\AppData\Local\Programs\Python\Python310\lib\site-packages\sklearn\utils\_set_output.py", line 319, in wrapped
    data_to_wrap = f(self, X, *args, **kwargs)
  File "C:\Users\rahmd\AppData\Local\Programs\Python\Python310\lib\site-packages\sklearn\preprocessing\_encoders.py", line 1043, in transform
    X_int, X_mask = self._transform(
  File "C:\Users\rahmd\AppData\Local\Programs\Python\Python310\lib\site-packages\sklearn\preprocessing\_encoders.py", line 210, in _transform
    diff, valid_mask = _check_unknown(Xi, self.categories_[i], return_mask=True)
  File "C:\Users\rahmd\AppData\Local\Programs\Python\Python310\lib\site-packages\sklearn\utils\_encode.py", line 315, in _check_unknown
    if xp.any(xp.isnan(known_values)):
TypeError: ufunc 'isnan' not supported for the input types, and the inputs could not be safely coerced to any supported types according to the casting rule ''safe''
